[saebomm.com/0826lmwlhj/index.html]
[www.saebomm.com/0826lmwlhj/img/bg.jpg]
[backblue.gif]
[fade.gif]
[index.html]
[saebomm.com/0826lmwlhj/img/img_01.jpg]
[developers.kakao.com/sdk/js/kakao.min.js]
[saebomm.com/0826lmwlhj/img/img_02.jpg]
[code.jquery.com/jquery-latest.js]
[saebomm.com/0826lmwlhj/img/img_03.jpg]
[saebomm.com/0826lmwlhj/img/img_04.jpg]
[saebomm.com/0826lmwlhj/img/img_05.jpg]
[saebomm.com/0826lmwlhj/gallery1.html]
[saebomm.com/0826lmwlhj/img/img_06.jpg]
[saebomm.com/0826lmwlhj/img/img_07.jpg]
[saebomm.com/0826lmwlhj/img/img_08.jpg]
[saebomm.com/0826lmwlhj/img/img_09.jpg]
[saebomm.com/0826lmwlhj/img/img_10.jpg]
[saebomm.com/0826lmwlhj/img/img_11.jpg]
[saebomm.com/0826lmwlhj/img/img_12.jpg]
[saebomm.com/0826lmwlhj/img/img_13.jpg]
[saebomm.com/0826lmwlhj/gallery2.html]
[saebomm.com/0826lmwlhj/img/img_14.jpg]
[saebomm.com/0826lmwlhj/index.html]
[saebomm.com/0826lmwlhj/img/m1-1.jpg]
[saebomm.com/0826lmwlhj/gallery1.html]
[saebomm.com/0826lmwlhj/img/m1-12.jpg]
[saebomm.com/0826lmwlhj/img/m2-1.jpg]
[saebomm.com/0826lmwlhj/gallery2.html]
[saebomm.com/0826lmwlhj/img/m2-2.jpg]
